// Jest Snapshot v1, https://goo.gl/fbAQLP

exports[`Button should match the snapshot 1`] = `
<input
  className="Button People "
  onClick={[Function]}
  type="button"
  value="People"
/>
`;
