// Jest Snapshot v1, https://goo.gl/fbAQLP

exports[`Header should match the snapshot 1`] = `
<header
  className="Header"
>
  <div
    className="upper-header"
  >
    <div />
    <NavLink
      activeClassName="active"
      aria-current="page"
      className="header-title"
      to="/"
    >
      <h1>
        SWApi-Box
      </h1>
    </NavLink>
    <Button
      favorites={0}
      handleNavClick={[MockFunction]}
      isActive={false}
      label="Favorites"
    />
  </div>
  <nav>
    <Button
      handleNavClick={[MockFunction]}
      isActive={false}
      label="People"
    />
    <Button
      handleNavClick={[MockFunction]}
      isActive={false}
      label="Planets"
    />
    <Button
      handleNavClick={[MockFunction]}
      isActive={false}
      label="Vehicles"
    />
  </nav>
</header>
`;
